### macrospin control, SEQUENTIAL updates (rigid bilayer, Bc 72 mT -> 36 mT at 45 deg), 6x6, sw_ends, n=800
x2 stray par 8.4 perp 21.5 mT | window 32-44 leak 28+-2 det     R2 [-0.01 -0.01 -0.01 -0.01 -0.02 -0.02 -0.02] MC 0.0 flips 0.0 distinct 1 (2 s)
x2 stray par 8.4 perp 21.5 mT | window 32-44 leak 28+-2 sampled R2 [-0.01 -0.01 -0.01 -0.01 -0.02 -0.02 -0.02] MC 0.0 flips 0.0 distinct 1 (2 s)
x2 stray par 8.4 perp 21.5 mT | window 32-44 leak 32+-2 det     R2 [-0.01 -0.01 -0.01 -0.01 -0.02 -0.02 -0.02] MC 0.0 flips 0.2 distinct 1 (2 s)
x2 stray par 8.4 perp 21.5 mT | window 32-44 leak 32+-2 sampled R2 [-0.02 -0.03 -0.04 -0.02 -0.03 -0.01 -0.04] MC 0.0 flips 2.1 distinct 8 (5 s)
x2 stray par 8.4 perp 21.5 mT | window 30-42 leak 36+-3 det     R2 [ 0.42  0.02 -0.03 -0.03 -0.03 -0.04 -0.01] MC 0.44 flips 20.1 distinct 19 (35 s)
x2 stray par 8.4 perp 21.5 mT | window 30-42 leak 36+-3 sampled R2 [ 0.46 -0.03 -0.01 -0.04 -0.02 -0.03 -0.05] MC 0.46 flips 25.6 distinct 81 (45 s)
x2 stray par 8.4 perp 21.5 mT | window 26-44 leak 24+-2 det     R2 [-0.01 -0.01 -0.01 -0.01 -0.02 -0.02 -0.02] MC 0.0 flips 0.0 distinct 1 (2 s)
x2 stray par 8.4 perp 21.5 mT | window 26-44 leak 24+-2 sampled R2 [-0.01 -0.01 -0.01 -0.01 -0.02 -0.02 -0.02] MC 0.0 flips 0.0 distinct 1 (2 s)
x4 stray par 16.9 perp 43.0 mT | window 32-44 leak 28+-2 det     R2 [ 0.42 -0.01 -0.01 -0.03 -0.01 -0.03 -0.02] MC 0.42 flips 65.3 distinct 6 (134 s)
x4 stray par 16.9 perp 43.0 mT | window 32-44 leak 28+-2 sampled R2 [ 0.21 -0.01 -0.03 -0.04 -0.01 -0.04 -0.04] MC 0.21 flips 59.8 distinct 18 (139 s)
x4 stray par 16.9 perp 43.0 mT | window 32-44 leak 32+-2 det     R2 [ 0.   -0.01 -0.02 -0.04 -0.02 -0.01 -0.01] MC 0.0 flips 37.5 distinct 3 (102 s)
x4 stray par 16.9 perp 43.0 mT | window 32-44 leak 32+-2 sampled R2 [ 0.13 -0.04 -0.01 -0.04 -0.03 -0.03  0.  ] MC 0.13 flips 54.0 distinct 18 (154 s)
x4 stray par 16.9 perp 43.0 mT | window 30-42 leak 36+-3 det     R2 [ 0.49 -0.03 -0.05 -0.01 -0.04 -0.02 -0.04] MC 0.49 flips 58.2 distinct 5 (176 s)
x4 stray par 16.9 perp 43.0 mT | window 30-42 leak 36+-3 sampled R2 [ 0.26 -0.06 -0.03 -0.05 -0.14 -0.06 -0.03] MC 0.26 flips 61.3 distinct 31 (174 s)
x4 stray par 16.9 perp 43.0 mT | window 26-44 leak 24+-2 det     R2 [ 0.4  -0.01 -0.1  -0.02 -0.01 -0.02 -0.06] MC 0.4 flips 59.7 distinct 30 (153 s)
x4 stray par 16.9 perp 43.0 mT | window 26-44 leak 24+-2 sampled R2 [ 0.45  0.01 -0.07 -0.02 -0.03 -0.04 -0.08] MC 0.46 flips 58.9 distinct 55 (151 s)
x1 stray par 4.2 perp 10.8 mT | window 32-44 leak 28+-2 det     R2 [-0.01 -0.01 -0.01 -0.01 -0.02 -0.02 -0.02] MC 0.0 flips 0.0 distinct 1 (3 s)
x1 stray par 4.2 perp 10.8 mT | window 32-44 leak 28+-2 sampled R2 [-0.01 -0.01 -0.01 -0.01 -0.02 -0.02 -0.02] MC 0.0 flips 0.0 distinct 1 (2 s)
x1 stray par 4.2 perp 10.8 mT | window 32-44 leak 32+-2 det     R2 [-0.01 -0.01 -0.01 -0.01 -0.02 -0.02 -0.02] MC 0.0 flips 0.0 distinct 1 (3 s)
x1 stray par 4.2 perp 10.8 mT | window 32-44 leak 32+-2 sampled R2 [ 0.01 -0.01 -0.02 -0.   -0.03 -0.05 -0.02] MC 0.01 flips 1.7 distinct 6 (8 s)
x1 stray par 4.2 perp 10.8 mT | window 30-42 leak 36+-3 det     R2 [ 0.48  0.01 -0.03 -0.05 -0.09 -0.03 -0.03] MC 0.49 flips 27.1 distinct 29 (68 s)
x1 stray par 4.2 perp 10.8 mT | window 30-42 leak 36+-3 sampled R2 [ 0.47 -0.06 -0.05 -0.08 -0.1  -0.09 -0.  ] MC 0.47 flips 29.1 distinct 133 (73 s)
x1 stray par 4.2 perp 10.8 mT | window 26-44 leak 24+-2 det     R2 [-0.01 -0.01 -0.01 -0.01 -0.02 -0.02 -0.02] MC 0.0 flips 0.0 distinct 1 (2 s)
x1 stray par 4.2 perp 10.8 mT | window 26-44 leak 24+-2 sampled R2 [-0.01 -0.01 -0.01 -0.01 -0.02 -0.02 -0.02] MC 0.0 flips 0.0 distinct 1 (2 s)
### done
