### macrospin control with flatspin's numbers + zero-field relax before readout: point dipoles, Bc 30 mT (15.0 mT at 45 deg), 6x6
x9 sequential stray par 13.6 perp 28.5 mT | window 45-75 leak 30+-4.5 det     R2 [ 0.63 -0.04 -0.07 -0.09 -0.02 -0.   -0.07] MC 0.63 flips 35.7 distinct 25 (55 s)
x9 sequential stray par 13.6 perp 28.5 mT | window 45-75 leak 30+-4.5 sampled R2 [ 0.6  -0.06 -0.19 -0.11 -0.13 -0.07 -0.13] MC 0.6 flips 33.8 distinct 116 (53 s)
x9 sequential stray par 13.6 perp 28.5 mT | window 36-66 leak 30+-4.5 det     R2 [ 0.84  0.13 -0.11 -0.07 -0.17 -0.08 -0.07] MC 0.97 flips 26.0 distinct 48 (41 s)
x9 sequential stray par 13.6 perp 28.5 mT | window 36-66 leak 30+-4.5 sampled R2 [ 0.78 -0.12 -0.18 -0.06 -0.16 -0.37 -0.15] MC 0.78 flips 24.9 distinct 176 (40 s)
x9 sequential stray par 13.6 perp 28.5 mT | window 60-105 leak 45+-6.0 det     R2 [-0.01 -0.01 -0.01 -0.01 -0.02 -0.02 -0.02] MC 0.0 flips 63.7 distinct 1 (97 s)
x9 sequential stray par 13.6 perp 28.5 mT | window 60-105 leak 45+-6.0 sampled R2 [-0.02 -0.04 -0.06  0.01 -0.05 -0.02  0.01] MC 0.01 flips 61.0 distinct 22 (92 s)
x9 sequential stray par 13.6 perp 28.5 mT | window 30-54 leak 24+-4.0 det     R2 [ 0.71  0.08 -0.01 -0.05 -0.04 -0.08 -0.09] MC 0.79 flips 9.1 distinct 54 (17 s)
x9 sequential stray par 13.6 perp 28.5 mT | window 30-54 leak 24+-4.0 sampled R2 [ 0.24 -0.21 -0.2  -0.32 -0.22 -0.21 -0.31] MC 0.24 flips 8.9 distinct 265 (16 s)
x9 parallel   stray par 13.6 perp 28.5 mT | window 45-75 leak 30+-4.5 det     R2 [ 0.23 -0.07 -0.45 -0.2  -0.11 -0.09 -0.1 ] MC 0.23 flips 55.6 distinct 35 (21 s)
x9 parallel   stray par 13.6 perp 28.5 mT | window 45-75 leak 30+-4.5 sampled R2 [ 0.01 -0.29 -0.5  -0.12 -0.46 -0.22 -0.13] MC 0.01 flips 56.1 distinct 69 (22 s)
x9 parallel   stray par 13.6 perp 28.5 mT | window 36-66 leak 30+-4.5 det     R2 [ 0.57 -0.07 -0.23 -0.23 -0.4  -0.25 -0.21] MC 0.57 flips 49.5 distinct 128 (22 s)
x9 parallel   stray par 13.6 perp 28.5 mT | window 36-66 leak 30+-4.5 sampled R2 [ 0.63 -0.29 -0.21 -0.16 -0.17 -0.12 -0.37] MC 0.63 flips 50.0 distinct 203 (23 s)
x9 parallel   stray par 13.6 perp 28.5 mT | window 60-105 leak 45+-6.0 det     R2 [-0.01 -0.01 -0.01 -0.01 -0.02 -0.02 -0.02] MC 0.0 flips 74.7 distinct 1 (17 s)
x9 parallel   stray par 13.6 perp 28.5 mT | window 60-105 leak 45+-6.0 sampled R2 [-0.04 -0.03 -0.04 -0.01 -0.04 -0.01 -0.13] MC 0.0 flips 74.7 distinct 19 (19 s)
x9 parallel   stray par 13.6 perp 28.5 mT | window 30-54 leak 24+-4.0 det     R2 [ 0.4   0.   -0.15 -0.18 -0.04 -0.21 -0.06] MC 0.4 flips 18.6 distinct 173 (15 s)
x9 parallel   stray par 13.6 perp 28.5 mT | window 30-54 leak 24+-4.0 sampled R2 [ 0.43 -0.24 -0.52 -0.33 -0.14 -0.24 -0.24] MC 0.43 flips 20.2 distinct 295 (17 s)
x12 sequential stray par 18.1 perp 38.0 mT | window 45-75 leak 30+-4.5 det     R2 [ 0.63  0.05  0.03 -0.04 -0.04 -0.11 -0.1 ] MC 0.7 flips 16.9 distinct 50 (28 s)
x12 sequential stray par 18.1 perp 38.0 mT | window 45-75 leak 30+-4.5 sampled R2 [ 0.65  0.02 -0.04 -0.19 -0.09 -0.23 -0.05] MC 0.68 flips 17.0 distinct 104 (28 s)
x12 sequential stray par 18.1 perp 38.0 mT | window 36-66 leak 30+-4.5 det     R2 [ 0.14 -0.01 -0.03 -0.02 -0.   -0.01 -0.02] MC 0.14 flips 6.5 distinct 4 (12 s)
x12 sequential stray par 18.1 perp 38.0 mT | window 36-66 leak 30+-4.5 sampled R2 [ 0.12  0.   -0.01 -0.02 -0.01 -0.04 -0.02] MC 0.12 flips 6.5 distinct 8 (12 s)
x12 sequential stray par 18.1 perp 38.0 mT | window 60-105 leak 45+-6.0 det     R2 [ 0.58  0.02 -0.06 -0.06 -0.06 -0.03 -0.03] MC 0.6 flips 46.2 distinct 24 (71 s)
x12 sequential stray par 18.1 perp 38.0 mT | window 60-105 leak 45+-6.0 sampled R2 [ 0.47 -0.04 -0.14 -0.1  -0.08 -0.09 -0.03] MC 0.47 flips 45.2 distinct 62 (70 s)
x12 sequential stray par 18.1 perp 38.0 mT | window 30-54 leak 24+-4.0 det     R2 [ 0.71 -0.01 -0.01 -0.01 -0.02 -0.02 -0.02] MC 0.71 flips 6.4 distinct 2 (11 s)
x12 sequential stray par 18.1 perp 38.0 mT | window 30-54 leak 24+-4.0 sampled R2 [-0.   -0.02 -0.03 -0.02 -0.04 -0.02 -0.04] MC 0.0 flips 3.8 distinct 5 (8 s)
x12 parallel   stray par 18.1 perp 38.0 mT | window 45-75 leak 30+-4.5 det     R2 [ 0.6  -0.12 -0.11 -0.12 -0.17 -0.2  -0.03] MC 0.6 flips 34.0 distinct 209 (24 s)
x12 parallel   stray par 18.1 perp 38.0 mT | window 45-75 leak 30+-4.5 sampled R2 [ 0.53 -0.23 -0.3  -0.24 -0.14 -0.07 -0.14] MC 0.53 flips 33.9 distinct 222 (23 s)
x12 parallel   stray par 18.1 perp 38.0 mT | window 36-66 leak 30+-4.5 det     R2 [ 0.25 -0.19 -0.1  -0.11 -0.06 -0.06 -0.14] MC 0.25 flips 7.6 distinct 35 (10 s)
x12 parallel   stray par 18.1 perp 38.0 mT | window 36-66 leak 30+-4.5 sampled R2 [ 0.26 -0.05 -0.02 -0.02 -0.01 -0.03 -0.03] MC 0.26 flips 6.5 distinct 11 (8 s)
x12 parallel   stray par 18.1 perp 38.0 mT | window 60-105 leak 45+-6.0 det     R2 [ 0.14 -0.04 -0.08 -0.09 -0.11 -0.07 -0.02] MC 0.14 flips 67.5 distinct 25 (25 s)
x12 parallel   stray par 18.1 perp 38.0 mT | window 60-105 leak 45+-6.0 sampled R2 [ 0.08 -0.06 -0.25 -0.16 -0.2  -0.05 -0.1 ] MC 0.08 flips 67.9 distinct 38 (26 s)
x12 parallel   stray par 18.1 perp 38.0 mT | window 30-54 leak 24+-4.0 det     R2 [-0.01 -0.01 -0.01 -0.01 -0.02 -0.02 -0.02] MC 0.0 flips 4.8 distinct 1 (7 s)
x12 parallel   stray par 18.1 perp 38.0 mT | window 30-54 leak 24+-4.0 sampled R2 [-0.01 -0.01 -0.01 -0.01 -0.02 -0.02 -0.02] MC 0.0 flips 5.2 distinct 2 (8 s)
x7 sequential stray par 10.5 perp 22.1 mT | window 45-75 leak 30+-4.5 det     R2 [-0.01 -0.01 -0.01 -0.01 -0.02 -0.02 -0.02] MC 0.0 flips 52.8 distinct 1 (79 s)
x7 sequential stray par 10.5 perp 22.1 mT | window 45-75 leak 30+-4.5 sampled R2 [-0.04 -0.   -0.03 -0.05 -0.04 -0.02 -0.03] MC 0.0 flips 49.7 distinct 4 (75 s)
x7 sequential stray par 10.5 perp 22.1 mT | window 36-66 leak 30+-4.5 det     R2 [ 0.37  0.04 -0.04 -0.01 -0.03 -0.01 -0.06] MC 0.41 flips 49.2 distinct 20 (75 s)
x7 sequential stray par 10.5 perp 22.1 mT | window 36-66 leak 30+-4.5 sampled R2 [ 0.37 -0.07 -0.07 -0.15 -0.1  -0.09 -0.14] MC 0.37 flips 46.1 distinct 43 (70 s)
x7 sequential stray par 10.5 perp 22.1 mT | window 60-105 leak 45+-6.0 det     R2 [-0.01 -0.01 -0.01 -0.01 -0.02 -0.02 -0.02] MC 0.0 flips 72.0 distinct 1 (108 s)
x7 sequential stray par 10.5 perp 22.1 mT | window 60-105 leak 45+-6.0 sampled R2 [-0.04 -0.   -0.03 -0.05 -0.04 -0.02 -0.03] MC 0.0 flips 70.9 distinct 4 (106 s)
x7 sequential stray par 10.5 perp 22.1 mT | window 30-54 leak 24+-4.0 det     R2 [ 0.78  0.07 -0.09 -0.07 -0.06 -0.1  -0.06] MC 0.85 flips 22.6 distinct 34 (36 s)
x7 sequential stray par 10.5 perp 22.1 mT | window 30-54 leak 24+-4.0 sampled R2 [ 0.72  0.01 -0.14 -0.18 -0.17 -0.13 -0.11] MC 0.73 flips 22.0 distinct 108 (35 s)
x7 parallel   stray par 10.5 perp 22.1 mT | window 45-75 leak 30+-4.5 det     R2 [-0.01 -0.01 -0.01 -0.01 -0.02 -0.02 -0.02] MC 0.0 flips 68.5 distinct 1 (20 s)
x7 parallel   stray par 10.5 perp 22.1 mT | window 45-75 leak 30+-4.5 sampled R2 [-0.02 -0.02 -0.02 -0.01 -0.02 -0.04 -0.02] MC 0.0 flips 68.0 distinct 2 (20 s)
x7 parallel   stray par 10.5 perp 22.1 mT | window 36-66 leak 30+-4.5 det     R2 [ 0.11 -0.03 -0.11 -0.03 -0.12 -0.02 -0.02] MC 0.11 flips 71.0 distinct 15 (22 s)
x7 parallel   stray par 10.5 perp 22.1 mT | window 36-66 leak 30+-4.5 sampled R2 [ 0.02 -0.07 -0.05 -0.03 -0.11 -0.01 -0.05] MC 0.02 flips 70.4 distinct 23 (21 s)
x7 parallel   stray par 10.5 perp 22.1 mT | window 60-105 leak 45+-6.0 det     R2 [-0.01 -0.01 -0.01 -0.01 -0.02 -0.02 -0.02] MC 0.0 flips 74.7 distinct 1 (15 s)
