### macrospin control (rigid bilayer, Bc 72 mT -> 36 mT at 45 deg), 6x6, sw_ends
x1 stray par 4.2 perp 10.8 mT | window 32-44 leak 28+-2 det     R2 [-0. -0. -0. -0. -0. -0. -0.] MC 0.0 flips 0.0 distinct 1 (3 s)
x1 stray par 4.2 perp 10.8 mT | window 32-44 leak 28+-2 sampled R2 [-0. -0. -0. -0. -0. -0. -0.] MC 0.0 flips 0.0 distinct 1 (3 s)
x1 stray par 4.2 perp 10.8 mT | window 32-44 leak 32+-2 det     R2 [-0. -0. -0. -0. -0. -0. -0.] MC 0.0 flips 0.0 distinct 1 (3 s)
x1 stray par 4.2 perp 10.8 mT | window 32-44 leak 32+-2 sampled R2 [ 0.07 -0.01 -0.   -0.   -0.   -0.01 -0.01] MC 0.07 flips 1.6 distinct 9 (6 s)
x1 stray par 4.2 perp 10.8 mT | window 30-42 leak 36+-3 det     R2 [ 0.62 -0.06 -0.03 -0.02 -0.05 -0.03 -0.03] MC 0.62 flips 27.1 distinct 70 (28 s)
x1 stray par 4.2 perp 10.8 mT | window 30-42 leak 36+-3 sampled R2 [ 0.59  0.02 -0.04 -0.09 -0.06 -0.04 -0.07] MC 0.61 flips 30.4 distinct 171 (33 s)
x1 stray par 4.2 perp 10.8 mT | window 26-44 leak 24+-2 det     R2 [-0. -0. -0. -0. -0. -0. -0.] MC 0.0 flips 0.0 distinct 1 (3 s)
x1 stray par 4.2 perp 10.8 mT | window 26-44 leak 24+-2 sampled R2 [-0. -0. -0. -0. -0. -0. -0.] MC 0.0 flips 0.0 distinct 1 (3 s)
x2 stray par 8.4 perp 21.5 mT | window 32-44 leak 28+-2 det     R2 [-0. -0. -0. -0. -0. -0. -0.] MC 0.0 flips 0.0 distinct 1 (3 s)
x2 stray par 8.4 perp 21.5 mT | window 32-44 leak 28+-2 sampled R2 [-0. -0. -0. -0. -0. -0. -0.] MC 0.0 flips 0.0 distinct 2 (3 s)
x2 stray par 8.4 perp 21.5 mT | window 32-44 leak 32+-2 det     R2 [-0. -0. -0. -0. -0. -0. -0.] MC 0.0 flips 0.2 distinct 1 (3 s)
x2 stray par 8.4 perp 21.5 mT | window 32-44 leak 32+-2 sampled R2 [ 0.05 -0.   -0.04  0.    0.   -0.01 -0.01] MC 0.06 flips 2.3 distinct 8 (7 s)
x2 stray par 8.4 perp 21.5 mT | window 30-42 leak 36+-3 det     R2 [ 0.51  0.01 -0.05 -0.02 -0.02 -0.03 -0.03] MC 0.52 flips 20.6 distinct 58 (30 s)
x2 stray par 8.4 perp 21.5 mT | window 30-42 leak 36+-3 sampled R2 [ 0.51  0.02 -0.01 -0.01 -0.06 -0.05 -0.02] MC 0.53 flips 27.1 distinct 135 (37 s)
x2 stray par 8.4 perp 21.5 mT | window 26-44 leak 24+-2 det     R2 [-0. -0. -0. -0. -0. -0. -0.] MC 0.0 flips 0.0 distinct 1 (3 s)
x2 stray par 8.4 perp 21.5 mT | window 26-44 leak 24+-2 sampled R2 [-0. -0. -0. -0. -0. -0. -0.] MC 0.0 flips 0.0 distinct 1 (3 s)
x4 stray par 16.9 perp 43.0 mT | window 32-44 leak 28+-2 det     R2 [ 0.01  0.   -0.   -0.   -0.   -0.01  0.  ] MC 0.02 flips 73.4 distinct 3 (40 s)
x4 stray par 16.9 perp 43.0 mT | window 32-44 leak 28+-2 sampled R2 [ 0.    0.   -0.01 -0.   -0.01 -0.   -0.01] MC 0.0 flips 73.5 distinct 3 (39 s)
x4 stray par 16.9 perp 43.0 mT | window 32-44 leak 32+-2 det     R2 [ 0.01 -0.    0.   -0.    0.    0.   -0.  ] MC 0.01 flips 74.6 distinct 3 (40 s)
x4 stray par 16.9 perp 43.0 mT | window 32-44 leak 32+-2 sampled R2 [ 0.01 -0.    0.   -0.   -0.   -0.   -0.01] MC 0.01 flips 74.8 distinct 3 (38 s)
x4 stray par 16.9 perp 43.0 mT | window 30-42 leak 36+-3 det     R2 [ 0.06 -0.   -0.01 -0.04 -0.03 -0.01 -0.02] MC 0.06 flips 76.1 distinct 9 (37 s)
x4 stray par 16.9 perp 43.0 mT | window 30-42 leak 36+-3 sampled R2 [ 0.09 -0.01 -0.02 -0.    0.   -0.03 -0.  ] MC 0.1 flips 76.1 distinct 7 (36 s)
x4 stray par 16.9 perp 43.0 mT | window 26-44 leak 24+-2 det     R2 [ 0.17 -0.01 -0.01 -0.   -0.02 -0.01 -0.01] MC 0.17 flips 72.1 distinct 20 (42 s)
x4 stray par 16.9 perp 43.0 mT | window 26-44 leak 24+-2 sampled R2 [ 0.18 -0.05 -0.03 -0.09 -0.02 -0.08 -0.05] MC 0.18 flips 72.4 distinct 19 (41 s)
### done
