### macrospin control with flatspin's numbers: point dipoles, Bc 30 mT (15.0 mT at 45 deg), 6x6
x6 sequential stray par 9.0 perp 19.0 mT | window 45-75 leak 30+-4.5 det     R2 [-0.01 -0.01 -0.01 -0.01 -0.02 -0.02 -0.02] MC 0.0 flips 60.6 distinct 1 (92 s)
x6 sequential stray par 9.0 perp 19.0 mT | window 45-75 leak 30+-4.5 sampled R2 [-0.01 -0.01 -0.01 -0.01 -0.02 -0.02 -0.02] MC 0.0 flips 54.8 distinct 1 (82 s)
x6 sequential stray par 9.0 perp 19.0 mT | window 36-66 leak 30+-4.5 det     R2 [-0.01 -0.01 -0.01 -0.01 -0.02 -0.02 -0.02] MC 0.0 flips 60.6 distinct 1 (91 s)
x6 sequential stray par 9.0 perp 19.0 mT | window 36-66 leak 30+-4.5 sampled R2 [-0.01 -0.01 -0.01 -0.01 -0.02 -0.02 -0.02] MC 0.0 flips 54.8 distinct 1 (82 s)
x6 sequential stray par 9.0 perp 19.0 mT | window 60-105 leak 45+-6.0 det     R2 [-0.01 -0.01 -0.01 -0.01 -0.02 -0.02 -0.02] MC 0.0 flips 72.0 distinct 1 (108 s)
x6 sequential stray par 9.0 perp 19.0 mT | window 60-105 leak 45+-6.0 sampled R2 [-0.01 -0.01 -0.01 -0.01 -0.02 -0.02 -0.02] MC 0.0 flips 72.0 distinct 1 (107 s)
x6 sequential stray par 9.0 perp 19.0 mT | window 30-54 leak 24+-4.0 det     R2 [ 0.31  0.01 -0.02 -0.02 -0.04 -0.04 -0.02] MC 0.32 flips 29.6 distinct 16 (46 s)
x6 sequential stray par 9.0 perp 19.0 mT | window 30-54 leak 24+-4.0 sampled R2 [ 0.42 -0.17 -0.06 -0.04 -0.11 -0.04 -0.03] MC 0.42 flips 29.4 distinct 57 (46 s)
x6 parallel   stray par 9.0 perp 19.0 mT | window 45-75 leak 30+-4.5 det     R2 [-0.01 -0.01 -0.01 -0.01 -0.02 -0.02 -0.02] MC 0.0 flips 71.3 distinct 1 (20 s)
x6 parallel   stray par 9.0 perp 19.0 mT | window 45-75 leak 30+-4.5 sampled R2 [-0.01 -0.01 -0.01 -0.01 -0.02 -0.02 -0.02] MC 0.0 flips 70.7 distinct 1 (19 s)
x6 parallel   stray par 9.0 perp 19.0 mT | window 36-66 leak 30+-4.5 det     R2 [-0.01 -0.01 -0.01 -0.01 -0.02 -0.02 -0.02] MC 0.0 flips 73.7 distinct 1 (21 s)
x6 parallel   stray par 9.0 perp 19.0 mT | window 36-66 leak 30+-4.5 sampled R2 [-0.01 -0.01 -0.01 -0.01 -0.02 -0.02 -0.02] MC 0.0 flips 73.0 distinct 1 (20 s)
x6 parallel   stray par 9.0 perp 19.0 mT | window 60-105 leak 45+-6.0 det     R2 [-0.01 -0.01 -0.01 -0.01 -0.02 -0.02 -0.02] MC 0.0 flips 73.5 distinct 1 (13 s)
x6 parallel   stray par 9.0 perp 19.0 mT | window 60-105 leak 45+-6.0 sampled R2 [-0.01 -0.01 -0.01 -0.01 -0.02 -0.02 -0.02] MC 0.0 flips 73.6 distinct 1 (13 s)
x6 parallel   stray par 9.0 perp 19.0 mT | window 30-54 leak 24+-4.0 det     R2 [ 0.15 -0.03 -0.09 -0.07 -0.04 -0.04 -0.07] MC 0.15 flips 48.5 distinct 22 (20 s)
x6 parallel   stray par 9.0 perp 19.0 mT | window 30-54 leak 24+-4.0 sampled R2 [ 0.15 -0.13 -0.02 -0.06 -0.12 -0.1  -0.07] MC 0.15 flips 57.9 distinct 40 (23 s)
x4 sequential stray par 6.0 perp 12.7 mT | window 45-75 leak 30+-4.5 det     R2 [-0.01 -0.01 -0.01 -0.01 -0.02 -0.02 -0.02] MC 0.0 flips 71.2 distinct 1 (107 s)
x4 sequential stray par 6.0 perp 12.7 mT | window 45-75 leak 30+-4.5 sampled R2 [-0.01 -0.01 -0.01 -0.01 -0.02 -0.02 -0.02] MC 0.0 flips 68.9 distinct 1 (104 s)
x4 sequential stray par 6.0 perp 12.7 mT | window 36-66 leak 30+-4.5 det     R2 [-0.01 -0.01 -0.01 -0.01 -0.02 -0.02 -0.02] MC 0.0 flips 71.2 distinct 1 (107 s)
x4 sequential stray par 6.0 perp 12.7 mT | window 36-66 leak 30+-4.5 sampled R2 [-0.01 -0.01 -0.01 -0.01 -0.02 -0.02 -0.02] MC 0.0 flips 68.9 distinct 1 (104 s)
x4 sequential stray par 6.0 perp 12.7 mT | window 60-105 leak 45+-6.0 det     R2 [-0.01 -0.01 -0.01 -0.01 -0.02 -0.02 -0.02] MC 0.0 flips 72.0 distinct 1 (107 s)
x4 sequential stray par 6.0 perp 12.7 mT | window 60-105 leak 45+-6.0 sampled R2 [-0.01 -0.01 -0.01 -0.01 -0.02 -0.02 -0.02] MC 0.0 flips 72.0 distinct 1 (107 s)
x4 sequential stray par 6.0 perp 12.7 mT | window 30-54 leak 24+-4.0 det     R2 [-0.01 -0.01 -0.01 -0.01 -0.02 -0.02 -0.02] MC 0.0 flips 58.0 distinct 1 (88 s)
x4 sequential stray par 6.0 perp 12.7 mT | window 30-54 leak 24+-4.0 sampled R2 [-0.01 -0.01 -0.01 -0.01 -0.02 -0.02 -0.02] MC 0.0 flips 47.8 distinct 1 (72 s)
x4 parallel   stray par 6.0 perp 12.7 mT | window 45-75 leak 30+-4.5 det     R2 [-0.01 -0.01 -0.01 -0.01 -0.02 -0.02 -0.02] MC 0.0 flips 72.6 distinct 1 (14 s)
x4 parallel   stray par 6.0 perp 12.7 mT | window 45-75 leak 30+-4.5 sampled R2 [-0.01 -0.01 -0.01 -0.01 -0.02 -0.02 -0.02] MC 0.0 flips 72.5 distinct 1 (15 s)
x4 parallel   stray par 6.0 perp 12.7 mT | window 36-66 leak 30+-4.5 det     R2 [-0.01 -0.01 -0.01 -0.01 -0.02 -0.02 -0.02] MC 0.0 flips 73.8 distinct 1 (14 s)
x4 parallel   stray par 6.0 perp 12.7 mT | window 36-66 leak 30+-4.5 sampled R2 [-0.01 -0.01 -0.01 -0.01 -0.02 -0.02 -0.02] MC 0.0 flips 73.6 distinct 1 (15 s)
x4 parallel   stray par 6.0 perp 12.7 mT | window 60-105 leak 45+-6.0 det     R2 [-0.01 -0.01 -0.01 -0.01 -0.02 -0.02 -0.02] MC 0.0 flips 72.1 distinct 1 (12 s)
x4 parallel   stray par 6.0 perp 12.7 mT | window 60-105 leak 45+-6.0 sampled R2 [-0.01 -0.01 -0.01 -0.01 -0.02 -0.02 -0.02] MC 0.0 flips 72.1 distinct 1 (12 s)
x4 parallel   stray par 6.0 perp 12.7 mT | window 30-54 leak 24+-4.0 det     R2 [-0.01 -0.01 -0.01 -0.01 -0.02 -0.02 -0.02] MC 0.0 flips 64.5 distinct 1 (23 s)
x4 parallel   stray par 6.0 perp 12.7 mT | window 30-54 leak 24+-4.0 sampled R2 [-0.01 -0.01 -0.01 -0.01 -0.02 -0.02 -0.02] MC 0.0 flips 61.6 distinct 1 (21 s)
x9 sequential stray par 13.6 perp 28.5 mT | window 45-75 leak 30+-4.5 det     R2 [ 0.61 -0.   -0.14 -0.06 -0.02 -0.1  -0.04] MC 0.61 flips 35.7 distinct 30 (54 s)
x9 sequential stray par 13.6 perp 28.5 mT | window 45-75 leak 30+-4.5 sampled R2 [ 0.61 -0.08 -0.07 -0.01 -0.02 -0.02 -0.13] MC 0.61 flips 33.4 distinct 54 (52 s)
x9 sequential stray par 13.6 perp 28.5 mT | window 36-66 leak 30+-4.5 det     R2 [ 0.86  0.06 -0.05 -0.02 -0.08 -0.1  -0.11] MC 0.92 flips 25.9 distinct 63 (40 s)
x9 sequential stray par 13.6 perp 28.5 mT | window 36-66 leak 30+-4.5 sampled R2 [ 0.84 -0.16 -0.12 -0.08 -0.06 -0.08 -0.14] MC 0.84 flips 24.8 distinct 92 (38 s)
x9 sequential stray par 13.6 perp 28.5 mT | window 60-105 leak 45+-6.0 det     R2 [-0.01 -0.01 -0.01 -0.01 -0.02 -0.02 -0.02] MC 0.0 flips 63.7 distinct 1 (95 s)
x9 sequential stray par 13.6 perp 28.5 mT | window 60-105 leak 45+-6.0 sampled R2 [-0.01 -0.01 -0.01 -0.01 -0.02 -0.02 -0.02] MC 0.0 flips 61.0 distinct 1 (91 s)
x9 sequential stray par 13.6 perp 28.5 mT | window 30-54 leak 24+-4.0 det     R2 [ 0.8  -0.04 -0.05 -0.06 -0.05 -0.1  -0.09] MC 0.8 flips 8.3 distinct 37 (14 s)
x9 sequential stray par 13.6 perp 28.5 mT | window 30-54 leak 24+-4.0 sampled R2 [ 0.72 -0.1  -0.08 -0.1  -0.12 -0.11 -0.09] MC 0.72 flips 9.0 distinct 96 (15 s)
x9 parallel   stray par 13.6 perp 28.5 mT | window 45-75 leak 30+-4.5 det     R2 [ 0.26 -0.11 -0.07 -0.09 -0.09 -0.08 -0.22] MC 0.26 flips 55.9 distinct 29 (21 s)
x9 parallel   stray par 13.6 perp 28.5 mT | window 45-75 leak 30+-4.5 sampled R2 [ 0.21 -0.03 -0.08 -0.02 -0.07 -0.06 -0.02] MC 0.21 flips 56.0 distinct 33 (21 s)
x9 parallel   stray par 13.6 perp 28.5 mT | window 36-66 leak 30+-4.5 det     R2 [ 0.61 -0.05 -0.13 -0.09 -0.07 -0.11 -0.17] MC 0.61 flips 49.9 distinct 135 (20 s)
x9 parallel   stray par 13.6 perp 28.5 mT | window 36-66 leak 30+-4.5 sampled R2 [ 0.58 -0.08 -0.15 -0.09 -0.15 -0.19 -0.03] MC 0.58 flips 49.4 distinct 130 (21 s)
x9 parallel   stray par 13.6 perp 28.5 mT | window 60-105 leak 45+-6.0 det     R2 [-0.01 -0.01 -0.01 -0.01 -0.02 -0.02 -0.02] MC 0.0 flips 74.7 distinct 1 (17 s)
x9 parallel   stray par 13.6 perp 28.5 mT | window 60-105 leak 45+-6.0 sampled R2 [-0.01 -0.01 -0.01 -0.01 -0.02 -0.02 -0.02] MC 0.0 flips 75.0 distinct 1 (17 s)
x9 parallel   stray par 13.6 perp 28.5 mT | window 30-54 leak 24+-4.0 det     R2 [ 0.7  -0.05 -0.1  -0.18 -0.14 -0.23 -0.07] MC 0.7 flips 20.0 distinct 199 (14 s)
x9 parallel   stray par 13.6 perp 28.5 mT | window 30-54 leak 24+-4.0 sampled R2 [ 0.73 -0.02 -0.09 -0.13 -0.14 -0.19 -0.18] MC 0.73 flips 21.3 distinct 211 (15 s)
### done
